// Jest Snapshot v1, https://goo.gl/fbAQLP

exports[`LoaderComponent snapshots 1`] = `
<div
  className="loader-component"
>
  <div
    className="loader-component__image"
  >
    <img
      alt="pokeball-loader-image"
      layout="fill"
      src="/pokeball.svg"
    />
  </div>
</div>
`;
