// Jest Snapshot v1, https://goo.gl/fbAQLP

exports[`SiteNavigationComponent snapshots 1`] = `
<nav
  className="site-navigation-component"
>
  <link
    href="/"
    passHref={true}
  >
    <a
      className="site-navigation-component__back"
      role="link"
    >
      <span
        className="site-navigation-component__image"
      >
        <img
          alt="logo"
          layout="fill"
          src="/pokeball.svg"
        />
      </span>
      <span
        className="site-navigation-component__back-text"
      >
        Pok√©dex
      </span>
    </a>
  </link>
</nav>
`;
